// Jest Snapshot v1, https://goo.gl/fbAQLP

exports[`TodoList should render properly 1`] = `
"<div>
  <Todo todo={{...}} toggleTodoState={[Function: bound toggleTodoState]} deleteTodo={[Function: bound deleteTodo]} />
</div>"
`;
